src/auth/auth.controller.ts(13,87): error TS1272: A type referenced in a decorated signature must be imported with 'import type' or a namespace import when 'isolatedModules' and 'emitDecoratorMetadata' are enabled.
src/auth/auth.controller.ts(20,78): error TS1272: A type referenced in a decorated signature must be imported with 'import type' or a namespace import when 'isolatedModules' and 'emitDecoratorMetadata' are enabled.
src/auth/auth.controller.ts(27,45): error TS1272: A type referenced in a decorated signature must be imported with 'import type' or a namespace import when 'isolatedModules' and 'emitDecoratorMetadata' are enabled.
src/auth/auth.controller.ts(38,28): error TS1272: A type referenced in a decorated signature must be imported with 'import type' or a namespace import when 'isolatedModules' and 'emitDecoratorMetadata' are enabled.
src/auth/auth.service.ts(34,17): error TS2353: Object literal may only specify known properties, and 'phone' does not exist in type '(Without<UserCreateInput, UserUncheckedCreateInput> & UserUncheckedCreateInput) | (Without<...> & UserCreateInput)'.
src/bookings/bookings.service.ts(25,17): error TS2353: Object literal may only specify known properties, and 'userId' does not exist in type 'Without<BookingCreateInput, BookingUncheckedCreateInput> & BookingUncheckedCreateInput'.
src/bookings/bookings.service.ts(51,41): error TS2353: Object literal may only specify known properties, and 'user' does not exist in type 'BookingInclude<DefaultArgs>'.
src/bookings/bookings.service.ts(55,26): error TS2353: Object literal may only specify known properties, and 'userId' does not exist in type 'BookingWhereInput'.
src/bookings/bookings.service.ts(69,46): error TS2339: Property 'userId' does not exist on type '{ route: { origin: string; destination: string; price: number; totalSeats: number; departureDate: Date; remainingSeats: number; id: string; createdAt: Date; }; } & { id: string; createdAt: Date; ... 5 more ...; status: string; }'.
src/main.ts(9,11): error TS2349: This expression is not callable.
  Type 'typeof cookieParser' has no call signatures.
src/users/users.service.ts(14,17): error TS2353: Object literal may only specify known properties, and 'phone' does not exist in type 'UserSelect<DefaultArgs>'.
src/users/users.service.ts(18,24): error TS2353: Object literal may only specify known properties, and 'createdAt' does not exist in type 'UserOrderByWithRelationInput | UserOrderByWithRelationInput[]'.
